▶ not activated — using HERMES_PYTHON: <workspace>/hermes125919/.venv/bin/python
▶ running per-file parallel test suite via run_tests_parallel.py
  (TZ=UTC LANG=C.UTF-8 PYTHONHASHSEED=0; clean env)
▶ pre-compiling bytecode cache
▶ launching test runner
Discovered 7 test files (~104 tests) under ['tests/agent/test_fork_checkpoint_compaction.py', 'tests/agent/test_pre_compress_checkpoint_contract.py', 'tests/agent/test_background_review_cache_parity.py', 'tests/hermes_state/test_background_review_session_isolation.py', 'tests/agent/test_native_compaction.py', 'tests/agent/test_detached_fork_lifecycle_hooks.py', 'tests/agent/test_review_fork_cache_scope.py']; running with -j 1
[ 11.5% |    12/~104 | ✓12 | ✗ 0] ✓ tests/agent/test_background_review_cache_parity.py (12✓, 2.8s)
[ 13.5% |    14/~104 | ✓14 | ✗ 0] ✓ tests/agent/test_detached_fork_lifecycle_hooks.py (2✓, 0.8s)
[ 15.4% |    16/~104 | ✓16 | ✗ 0] ✓ tests/agent/test_fork_checkpoint_compaction.py (2✓, 3.6s)
[ 67.3% |    70/~104 | ✓80 | ✗ 0] ✓ tests/agent/test_native_compaction.py (64✓, 3.8s)
[ 90.4% |    94/~104 | ✓105 | ✗  0] ✓ tests/agent/test_pre_compress_checkpoint_contract.py (25✓, 1.1s)
[ 92.3% |    96/~104 | ✓107 | ✗  0] ✓ tests/agent/test_review_fork_cache_scope.py (2✓, 0.6s)
[100.0% |   104/~104 | ✓115 | ✗  0] ✓ tests/hermes_state/test_background_review_session_isolation.py (8✓, 2.9s)

=== Summary: 7 files, 115 tests passed, 0 failed (100% complete) in 15.6s (1 workers) ===
  Durations cached to test_durations.json (7 files)

=== Per-file subprocess time distribution ===
  Files:   7
  Total subprocess CPU-wall: 15.6s  (runner wall: 15.6s, parallelism: 1x)
  P50: 2.83s  P90: 3.80s  P95: 3.80s  P99: 3.80s  Max: 3.80s
  <1s: 2 files (29%)  <2s: 3 files (43%)
  Top 10 slowest:
      3.80s  tests/agent/test_native_compaction.py
      3.61s  tests/agent/test_fork_checkpoint_compaction.py
      2.87s  tests/hermes_state/test_background_review_session_isolation.py
      2.83s  tests/agent/test_background_review_cache_parity.py
      1.11s  tests/agent/test_pre_compress_checkpoint_contract.py
      0.76s  tests/agent/test_detached_fork_lifecycle_hooks.py
      0.60s  tests/agent/test_review_fork_cache_scope.py
