Resolved 14 packages in 660ms
Downloading sympy (6.0MiB)
Downloading networkx (2.0MiB)
Downloading numpy (15.9MiB)
Downloading hypothesis (1.1MiB)
Downloading torch (182.9MiB)
 Downloaded hypothesis
 Downloaded networkx
 Downloaded numpy
 Downloaded sympy
 Downloaded torch
Prepared 14 packages in 7.28s
Installed 14 packages in 375ms
 + expecttest==0.3.0
 + filelock==4.0.5
 + fsspec==2026.9.0
 + hypothesis==6.168.3
 + jinja2==3.1.6
 + markupsafe==3.0.3
 + mpmath==1.3.0
 + networkx==3.7
 + numpy==2.5.3
 + setuptools==84.0.0
 + sortedcontainers==2.4.0
 + sympy==1.14.0
 + torch==2.13.0+cpu
 + typing-extensions==4.16.0
