[CI Test Method] TestAbortAckAggregation.test_ack_before_register_is_dropped
[CI Test Method] TestAbortAckAggregation.test_clear_deferred_abort_state
[CI Test Method] TestAbortAckAggregation.test_duplicate_rank_ack_does_not_over_count
[CI Test Method] TestAbortAckAggregation.test_late_ack_after_release_does_not_pollute_reused_room
[CI Test Method] TestAbortAckAggregation.test_register_resets_stale_acks
[CI Test Method] TestAbortAckAggregation.test_release_safe_only_after_all_required_ranks_ack
[CI Test Method] TestAbortAckAggregation.test_single_rank_fast_path
[CI Test Method] TestAbortArmsTrackerBeforeSend.test_ensure_abort_notified_sends_once_and_keeps_failure_records
[CI Test Method] TestAbortArmsTrackerBeforeSend.test_force_arm_arms_unpublished_receiver_before_send
[CI Test Method] TestAbortArmsTrackerBeforeSend.test_opted_out_backend_does_not_arm
[CI Test Method] TestAbortArmsTrackerBeforeSend.test_prealloc_abort_does_not_arm
[CI Test Method] TestAbortArmsTrackerBeforeSend.test_tracker_armed_before_the_abort_is_sent
[CI Test Method] TestBackendOptIn.test_backends_that_ack_opt_in
[CI Test Method] TestBackendOptIn.test_backends_without_a_drain_ack_stay_opted_out
[CI Test Method] TestBackendOptIn.test_enabled_by_default
[CI Test Method] TestFailedTransfersDeferOnEveryFailure.test_backend_optout_keeps_immediate_release_and_sends_no_abort
[CI Test Method] TestFailedTransfersDeferOnEveryFailure.test_non_abort_failure_notifies_and_defers
[CI Test Method] TestFailedTransfersDeferOnEveryFailure.test_unnotifiable_failure_releases_immediately
[CI Test Method] TestResolveDeferredReleases.test_defer_release_records_deadline_and_idx
[CI Test Method] TestResolveDeferredReleases.test_failed_release_is_isolated_and_not_retried
[CI Test Method] TestResolveDeferredReleases.test_holds_until_drained_then_releases
[CI Test Method] TestResolveDeferredReleases.test_host_release_requires_drain_on_every_rank_even_after_timeout
[CI Test Method] TestResolveDeferredReleases.test_noop_when_nothing_deferred
[CI Test Method] TestResolveDeferredReleases.test_releases_on_timeout_without_ack
