Using Python 3.12.3 environment at: /home/runner/work/_temp/backbone-venv
Resolved 34 packages in 1.95s
   Building transformers @ file:///home/runner/work/second-paddle-notes/second-paddle-notes/candidate
Downloading networkx (2.0MiB)
Downloading tokenizers (3.2MiB)
Downloading numpy (15.9MiB)
Downloading pygments (1.2MiB)
Downloading torch (182.9MiB)
Downloading hf-xet (4.3MiB)
Downloading sympy (6.0MiB)
 Downloaded tokenizers
 Downloaded hf-xet
 Downloaded pygments
 Downloaded networkx
 Downloaded numpy
 Downloaded sympy
      Built transformers @ file:///home/runner/work/second-paddle-notes/second-paddle-notes/candidate
 Downloaded torch
Prepared 33 packages in 4.08s
Installed 34 packages in 610ms
 + annotated-doc==0.0.5
 + anyio==4.15.1
 + certifi==2026.7.22
 + click==8.5.0
 + filelock==4.0.5
 + fsspec==2026.9.0
 + h11==0.16.0
 + hf-xet==1.6.0
 + httpcore==1.0.9
 + httpx==0.28.1
 + huggingface-hub==1.33.0
 + idna==3.20
 + jinja2==3.1.6
 + markdown-it-py==4.2.0
 + markupsafe==3.0.3
 + mdurl==0.1.2
 + mpmath==1.3.0
 + networkx==3.7
 + numpy==2.5.3
 + packaging==26.3
 + pygments==2.21.0
 + pyyaml==6.0.3
 + regex==2026.9.10
 + rich==15.0.0
 + safetensors==0.8.0
 + setuptools==84.0.0
 + shellingham==1.5.4
 + sympy==1.14.0
 + tokenizers==0.23.2
 + torch==2.13.0+cpu
 + tqdm==4.70.1
 + transformers==5.18.0.dev0 (from file:///home/runner/work/second-paddle-notes/second-paddle-notes/candidate)
 + typer==0.27.2
 + typing-extensions==4.16.0
